# ninja log v7
13	256	8125725868627402	extlib/mimalloc/CMakeFiles/mimalloc-static.dir/src/alloc-aligned.c.o	9de776cd38ee2a43
2	292	8125725868519428	extlib/mimalloc/CMakeFiles/mimalloc-static.dir/src/alloc.c.o	c5c79c630a9b3cf4
256	452	8125725871061561	extlib/mimalloc/CMakeFiles/mimalloc-static.dir/src/alloc-posix.c.o	2bbc58ca1947fdfa
292	560	8125725871413911	extlib/mimalloc/CMakeFiles/mimalloc-static.dir/src/arena.c.o	37b552a94eba7549
452	676	8125725873015937	extlib/mimalloc/CMakeFiles/mimalloc-static.dir/src/bitmap.c.o	3fabee7b15fc9a60
560	787	8125725874098204	extlib/mimalloc/CMakeFiles/mimalloc-static.dir/src/heap.c.o	4d8b7444f98ad661
676	913	8125725875256834	extlib/mimalloc/CMakeFiles/mimalloc-static.dir/src/init.c.o	6e3e240bd806a651
787	1023	8125725876355624	extlib/mimalloc/CMakeFiles/mimalloc-static.dir/src/libc.c.o	7ee1ec41918647c3
913	1147	8125725877626585	extlib/mimalloc/CMakeFiles/mimalloc-static.dir/src/options.c.o	a1272736225fd2cc
1023	1247	8125725878729181	extlib/mimalloc/CMakeFiles/mimalloc-static.dir/src/os.c.o	df0089fbeccfabaa
1147	1418	8125725879968927	extlib/mimalloc/CMakeFiles/mimalloc-static.dir/src/page.c.o	5dc70d1be288a9d9
1247	1450	8125725880958673	extlib/mimalloc/CMakeFiles/mimalloc-static.dir/src/random.c.o	3d1511e8785d70c6
1450	1643	8125725882995723	extlib/mimalloc/CMakeFiles/mimalloc-static.dir/src/segment-map.c.o	dc4f9959c9c1cd91
1418	1712	8125725882677322	extlib/mimalloc/CMakeFiles/mimalloc-static.dir/src/segment.c.o	2ca5e8bf6ab82dd6
1643	1899	8125725884926150	extlib/mimalloc/CMakeFiles/mimalloc-static.dir/src/stats.c.o	51e9cb8dd830e9fe
1713	1915	8125725885620151	extlib/mimalloc/CMakeFiles/mimalloc-static.dir/src/prim/prim.c.o	2a59ceb15b4106f5
1915	2123	8125725887644966	bin/libmimalloc.a	f4ca78dbd298d0b8
1899	4467	8125725887477496	src/slvs/CMakeFiles/slvs-wasm.dir/jslib.cpp.o	2725be71801a8d55
2123	4796	8125725889729422	src/slvs/CMakeFiles/slvs-wasm.dir/lib.cpp.o	6c84a931fa4815ec
4472	5998	8125725913217188	src/slvs/CMakeFiles/slvs-wasm.dir/__/constrainteq.cpp.o	873673c4041425c6
4796	6378	8125725916459573	src/slvs/CMakeFiles/slvs-wasm.dir/__/entity.cpp.o	dd88ddd1f6ae4dda
6378	7109	8125725932273675	src/slvs/CMakeFiles/slvs-wasm.dir/__/platform/platformbase.cpp.o	471aa517cc187541
5998	7540	8125725928473495	src/slvs/CMakeFiles/slvs-wasm.dir/__/expr.cpp.o	c84ae32a9c1e105a
7540	9025	8125725943901328	src/slvs/CMakeFiles/slvs-wasm.dir/__/util.cpp.o	8b7ab9ecb0fc63a2
7109	9931	8125725939593864	src/slvs/CMakeFiles/slvs-wasm.dir/__/system.cpp.o	885f325c848d3048
9931	32841	8125725967805907	bin/slvs.mjs	ed305c8dbece4e96
20	3769	8125727838407407	bin/slvs.mjs	80fca9ddf6da586b
