TAP version 13
# Subtest: three base planes use the specified right handed frames and round trip double coordinates
ok 1 - three base planes use the specified right handed frames and round trip double coordinates
  ---
  duration_ms: 1.251
  type: 'test'
  ...
# Subtest: translated orthonormal plane round trips and rejects off-plane or invalid basis
ok 2 - translated orthonormal plane round trips and rejects off-plane or invalid basis
  ---
  duration_ms: 0.3988
  type: 'test'
  ...
1..2
# tests 2
# suites 0
# pass 2
# fail 0
# cancelled 0
# skipped 0
# todo 0
# duration_ms 87.1635
