TAP version 13
# Subtest: screen snapping has a CSS-pixel boundary and returns an explicit target independent of world scale
ok 1 - screen snapping has a CSS-pixel boundary and returns an explicit target independent of world scale
  ---
  duration_ms: 0.5422
  type: 'test'
  ...
# Subtest: captured line endpoint gets a distinct ID and a real coincident relation; rectangle corners are explicitly closed
ok 2 - captured line endpoint gets a distinct ID and a real coincident relation; rectangle corners are explicitly closed
  ---
  duration_ms: 0.8566
  type: 'test'
  ...
# Subtest: three-point arc uses a stable translated circumcenter and the correct direction; invalid shapes leave input unchanged
ok 3 - three-point arc uses a stable translated circumcenter and the correct direction; invalid shapes leave input unchanged
  ---
  duration_ms: 0.3888
  type: 'test'
  ...
1..3
# tests 3
# suites 0
# pass 3
# fail 0
# cancelled 0
# skipped 0
# todo 0
# duration_ms 84.4555
