TAP version 13
# Subtest: JSON round trip preserves IDs, geometry definitions, visibility and view; returns an independent object
ok 1 - JSON round trip preserves IDs, geometry definitions, visibility and view; returns an independent object
  ---
  duration_ms: 4.0253
  type: 'test'
  ...
# Subtest: unknown schema, runtime objects/fields, NaN/Infinity and oversized files are rejected
ok 2 - unknown schema, runtime objects/fields, NaN/Infinity and oversized files are rejected
  ---
  duration_ms: 7.4628
  type: 'test'
  ...
# Subtest: duplicate global IDs and point/constraint/region references cannot escape their sketch
ok 3 - duplicate global IDs and point/constraint/region references cannot escape their sketch
  ---
  duration_ms: 0.3832
  type: 'test'
  ...
# Subtest: entity/constraint dimensions and plane/view invariants are checked
ok 4 - entity/constraint dimensions and plane/view invariants are checked
  ---
  duration_ms: 0.8424
  type: 'test'
  ...
# Subtest: DAG ordering and descendants follow references, not array order; cycle and wrong operand kinds fail
ok 5 - DAG ordering and descendants follow references, not array order; cycle and wrong operand kinds fail
  ---
  duration_ms: 0.7446
  type: 'test'
  ...
# Subtest: metadata commands undo/redo, clear redo branch, skip no-op and preserve stable IDs
ok 6 - metadata commands undo/redo, clear redo branch, skip no-op and preserve stable IDs
  ---
  duration_ms: 5.6334
  type: 'test'
  ...
# Subtest: saved snapshot fingerprint survives undo and correctly handles delayed save and project reset
ok 7 - saved snapshot fingerprint survives undo and correctly handles delayed save and project reset
  ---
  duration_ms: 0.6544
  type: 'test'
  ...
# Subtest: geometry without real recompute refuses to commit; candidate failure preserves history and mesh cache
ok 8 - geometry without real recompute refuses to commit; candidate failure preserves history and mesh cache
  ---
  duration_ms: 1.7506
  type: 'test'
  ...
# Subtest: real mesh cache is atomically committed/restored with domain geometry and IDs
ok 9 - real mesh cache is atomically committed/restored with domain geometry and IDs
  ---
  duration_ms: 8.0355
  type: 'test'
  ...
# Subtest: recompute must preserve IDs/definitions and provide valid nonempty or explicit empty derived mesh
ok 10 - recompute must preserve IDs/definitions and provide valid nonempty or explicit empty derived mesh
  ---
  duration_ms: 2.3286
  type: 'test'
  ...
# Subtest: busy rejects conflicting commands/undo; new project invalidates late replies without clearing newer busy state
ok 11 - busy rejects conflicting commands/undo; new project invalidates late replies without clearing newer busy state
  ---
  duration_ms: 1.0784
  type: 'test'
  ...
# Subtest: failure after an existing real geometry snapshot preserves document, cache, history and saved fingerprint
ok 12 - failure after an existing real geometry snapshot preserves document, cache, history and saved fingerprint
  ---
  duration_ms: 4.0298
  type: 'test'
  ...
# Subtest: feature rename/visibility do not recompute geometry; stable ID role cannot be reassigned
ok 13 - feature rename/visibility do not recompute geometry; stable ID role cannot be reassigned
  ---
  duration_ms: 4.3637
  type: 'test'
  ...
# Subtest: cascade intent is explicit; deletion undo restores geometry; discarded/deleted IDs cannot be reassigned
ok 14 - cascade intent is explicit; deletion undo restores geometry; discarded/deleted IDs cannot be reassigned
  ---
  duration_ms: 2.3448
  type: 'test'
  ...
# Subtest: at least the most recent 100 successful commands remain; failed commands do not consume capacity
ok 15 - at least the most recent 100 successful commands remain; failed commands do not consume capacity
  ---
  duration_ms: 6.295
  type: 'test'
  ...
1..15
# tests 15
# suites 0
# pass 15
# fail 0
# cancelled 0
# skipped 0
# todo 0
# duration_ms 171.2168
