TAP version 13
# Subtest: segment parameter tolerance is converted from mm to segment length, in both endpoint directions
ok 1 - segment parameter tolerance is converted from mm to segment length, in both endpoint directions
  ---
  duration_ms: 1.2019
  type: 'test'
  ...
# Subtest: arc endpoint wrap accepts only offsets within mm/radius tolerance, for CW and CCW
ok 2 - arc endpoint wrap accepts only offsets within mm/radius tolerance, for CW and CCW
  ---
  duration_ms: 0.2932
  type: 'test'
  ...
# Subtest: support circles can be internally tangent with either reference order; coincident circles are not isolated contacts
ok 3 - support circles can be internally tangent with either reference order; coincident circles are not isolated contacts
  ---
  duration_ms: 0.5503
  type: 'test'
  ...
# Subtest: a line through the center has a deterministic nonzero initial radial guess, which is not a solved residual
ok 4 - a line through the center has a deterministic nonzero initial radial guess, which is not a solved residual
  ---
  duration_ms: 0.1953
  type: 'test'
  ...
1..4
# tests 4
# suites 0
# pass 4
# fail 0
# cancelled 0
# skipped 0
# todo 0
# duration_ms 83.7853
