✔ one source edit runs only its real solver/extrusion/Boolean descendants and reuses independent caches/diagnostics (100.756ms)
✔ depth edits skip solvers; new Boolean skips all existing geometry; metadata replacement ignores key insertion order (92.7033ms)
✔ cascade deletion filters obsolete cache/diagnostics while making zero real calls for remaining independent branches (78.7913ms)
✔ a later affected Boolean rejects empty input and preserves all reused state, save snapshot and redo branch (79.1124ms)
✔ cold recompute and missing native diagnostics fall back to actual solving; transaction baseline is immutable (81.4141ms)
✔ real sketch/extrude geometry, native diagnostics and source definition commit and undo/redo atomically (45.1362ms)
✔ native conflict, invalid region and zero depth preserve document/cache/diagnostics/history/save bytes (11.6592ms)
✔ thirty depth updates execute only first and latest real meshes and commit exactly one history entry (17.0836ms)
✔ cancelled or obsolete delayed real mesh cannot publish or enter history (7.1161ms)
✔ invalid latest preview clears success, refuses finish, and can recover with a valid depth (7.7048ms)
✔ cancelled feature recompute cannot commit a late real solid cache (2.4184ms)
✔ old cancelled commit cleanup cannot terminate a newer preview client in the same project session (12.6349ms)
✔ all user operation families restore exact solved documents, native diagnostics and actual meshes without rerunning kernels (121.9616ms)
✔ 105 mixed real geometry/metadata commands retain exactly the newest 100 complete snapshots through 200 restores (1144.0547ms)
✔ save fingerprint follows saved document rather than revision; delayed save, new branch and stale session are explicit (82.052ms)
✔ repeated undo/redo while a real completed descendant mesh is held cannot commit partially; cancelled reply preserves redo and save bytes (73.4957ms)
✔ owned meshes are deeply frozen; input, exported copies and view changes cannot corrupt history (13.5692ms)
✔ unchanged recompute meshes share frozen identity; fresh output is owned and exact undo/redo survives later caller mutation (7.924ms)
✔ new malformed, non-solid and caller-frozen meshes are validated without trusting their shape or ID (9.0668ms)
✔ cancel/new project during yielded cache validation rejects the old atomic replacement (8.5513ms)
✔ actual solved extrusion operands: 23 mesh Boolean cases, eight refusals and recovery (96.6473ms)
✔ Boolean add hides inputs in one atomic history entry; stable DAG recomputes actual downstream meshes (131.2176ms)
✔ empty is a real cached result; refuses reuse, then recomputes when source moves without changing IDs (76.6784ms)
✔ failed non-manifold Boolean does not hide source inputs, reuse last geometry or enter history; retry works (33.8871ms)
✔ a late actual Boolean mesh after cancellation cannot hide inputs or enter the current document (29.9704ms)
✔ three-plane signed extrusions follow 40→60 width with stable source IDs and exact geometry/constraint history (133.6815ms)
✔ hole dimensions recompute material subtraction; downstream contact/removal failures retain the exact valid source and history (130.8389ms)
✔ circle radius and intrinsic semicircle radius edits regenerate closed signed solids with exact history (370.4786ms)
✔ a later real extrusion failure discards an already-computed earlier mesh and preserves redo and save snapshot (33.8053ms)
✔ JSON domain-only roundtrip cold-rebuilds actual three-plane DAGs with stable IDs, visibility, camera and continued editing (364.0894ms)
✔ holes and circle JSON recreate meshes from domain geometry and restore the same editable source (48.7591ms)
✔ invalid JSON/schema/references/nonfinite/oversized files and corrupt native results preserve current authority, redo and save bytes (311.9323ms)
✔ a late real Boolean failure cannot replace the current project after its predecessors have rebuilt (93.7631ms)
✔ opening uses no old baseline even for the same IDs, disables busy history, rejects cancelled late result and protects a newer opening (93.5267ms)
✔ three-plane actual extrusions and four Boolean results export only the selected authority mesh (577.8633ms)
✔ actual holes, circle, annulus and signed extrusion preserve topology and bounds after Float32 STL (294.1318ms)
✔ bad selection, empty/nonfinite/nonclosed mesh and Float32 precision loss are refused without mutating authority (88.7996ms)
✔ neighbors across positive/negative cell edges use spherical distance and inclusive tolerance (1.1142ms)
✔ choose lowest original ID among matching cells; do not union a distance chain (0.1268ms)
✔ 5000 deterministic duplicate/boundary/dense points agree with independent Euclidean scan (625.1082ms)
✔ zero, negative, NaN, infinite tolerance and unsafe grid scales retain scan semantics (0.3914ms)
✔ out-of-order replies correlate to their own request/revision (1.7548ms)
✔ wrong session, request ID and revision cannot complete a pending call (0.2998ms)
✔ timeout terminates all pending work; retry gets new worker/session; old errors are ignored (32.971ms)
✔ worker failure rejects queue and explicit retry recovers (0.8573ms)
✔ message decode error terminates worker (0.327ms)
✔ creation and clone failures reject without retaining a pending deadline (44.2666ms)
✔ dispose rejects pending work; repeated dispose and requests cannot resurrect a worker (0.3781ms)
✔ invalid revisions are rejected before Worker creation (0.2252ms)
✔ domain error code survives transport and a later request still uses the same worker (0.2821ms)
ℹ tests 50
ℹ suites 0
ℹ pass 50
ℹ fail 0
ℹ cancelled 0
ℹ skipped 0
ℹ todo 0
ℹ duration_ms 1622.286
