✔ one source edit runs only its real solver/extrusion/Boolean descendants and reuses independent caches/diagnostics (99.7391ms)
✔ depth edits skip solvers; new Boolean skips all existing geometry; metadata replacement ignores key insertion order (91.7725ms)
✔ cascade deletion filters obsolete cache/diagnostics while making zero real calls for remaining independent branches (49.4112ms)
✔ a later affected Boolean rejects empty input and preserves all reused state, save snapshot and redo branch (55.3188ms)
✔ cold recompute and missing native diagnostics fall back to actual solving; transaction baseline is immutable (33.184ms)
✔ real sketch/extrude geometry, native diagnostics and source definition commit and undo/redo atomically (32.2695ms)
✔ native conflict, invalid region and zero depth preserve document/cache/diagnostics/history/save bytes (24.6922ms)
✔ thirty depth updates execute only first and latest real meshes and commit exactly one history entry (10.0165ms)
✔ cancelled or obsolete delayed real mesh cannot publish or enter history (6.8065ms)
✔ invalid latest preview clears success, refuses finish, and can recover with a valid depth (6.6115ms)
✔ cancelled feature recompute cannot commit a late real solid cache (2.4486ms)
✔ old cancelled commit cleanup cannot terminate a newer preview client in the same project session (8.9722ms)
✔ all user operation families restore exact solved documents, native diagnostics and actual meshes without rerunning kernels (89.3931ms)
✔ 105 mixed real geometry/metadata commands retain exactly the newest 100 complete snapshots through 200 restores (617.8651ms)
✔ save fingerprint follows saved document rather than revision; delayed save, new branch and stale session are explicit (55.2415ms)
✔ repeated undo/redo while a real completed descendant mesh is held cannot commit partially; cancelled reply preserves redo and save bytes (39.4843ms)
✔ owned meshes are deeply frozen; input, exported copies and view changes cannot corrupt history (12.0938ms)
✔ unchanged recompute meshes share frozen identity; fresh output is owned and exact undo/redo survives later caller mutation (10.0772ms)
✔ new malformed, non-solid and caller-frozen meshes are validated without trusting their shape or ID (9.9047ms)
✔ cancel/new project during yielded cache validation rejects the old atomic replacement (33.483ms)
✔ actual solved extrusion operands: 23 mesh Boolean cases, eight refusals and recovery (89.1796ms)
✔ Boolean add hides inputs in one atomic history entry; stable DAG recomputes actual downstream meshes (89.7845ms)
✔ empty is a real cached result; refuses reuse, then recomputes when source moves without changing IDs (29.9846ms)
✔ failed non-manifold Boolean does not hide source inputs, reuse last geometry or enter history; retry works (24.2662ms)
✔ a late actual Boolean mesh after cancellation cannot hide inputs or enter the current document (19.6234ms)
✔ three-plane signed extrusions follow 40→60 width with stable source IDs and exact geometry/constraint history (108.617ms)
✔ hole dimensions recompute material subtraction; downstream contact/removal failures retain the exact valid source and history (78.5844ms)
✔ circle radius and intrinsic semicircle radius edits regenerate closed signed solids with exact history (207.8678ms)
✔ a later real extrusion failure discards an already-computed earlier mesh and preserves redo and save snapshot (8.3199ms)
✔ JSON domain-only roundtrip cold-rebuilds actual three-plane DAGs with stable IDs, visibility, camera and continued editing (206.2098ms)
✔ holes and circle JSON recreate meshes from domain geometry and restore the same editable source (33.2062ms)
✔ invalid JSON/schema/references/nonfinite/oversized files and corrupt native results preserve current authority, redo and save bytes (305.794ms)
✔ a late real Boolean failure cannot replace the current project after its predecessors have rebuilt (59.8185ms)
✔ opening uses no old baseline even for the same IDs, disables busy history, rejects cancelled late result and protects a newer opening (82.5888ms)
✔ three-plane actual extrusions and four Boolean results export only the selected authority mesh (325.7983ms)
✔ actual holes, circle, annulus and signed extrusion preserve topology and bounds after Float32 STL (236.6681ms)
✔ bad selection, empty/nonfinite/nonclosed mesh and Float32 precision loss are refused without mutating authority (61.8723ms)
✔ neighbors across positive/negative cell edges use spherical distance and inclusive tolerance (1.7487ms)
✔ choose lowest original ID among matching cells; do not union a distance chain (0.2026ms)
✔ 5000 deterministic duplicate/boundary/dense points agree with independent Euclidean scan (619.8362ms)
✔ zero, negative, NaN, infinite tolerance and unsafe grid scales retain scan semantics (0.4748ms)
ℹ tests 41
ℹ suites 0
ℹ pass 41
ℹ fail 0
ℹ cancelled 0
ℹ skipped 0
ℹ todo 0
ℹ duration_ms 981.3057
