
> three-cad-vue@0.0.0 build
> npm run typecheck && vite build


> three-cad-vue@0.0.0 typecheck
> vue-tsc --noEmit -p tsconfig.json

vite v8.3.2 building client environment for production...
transforming...
✓ 109 modules transformed.
rendering chunks...
computing gzip size...
dist/assets/stall.worker-D7PgimeJ.js              0.04 kB
dist/index.html                                   0.56 kB │ gzip:   0.36 kB
dist/assets/solver.worker-B9HoP8zP.js             4.16 kB
dist/assets/document-solver.worker-CQ7qSoBG.js   18.83 kB
dist/assets/solid.worker-ClTyB6Ot.js            150.83 kB
dist/assets/index-P9HTT7LO.css                   11.28 kB │ gzip:   2.86 kB
dist/assets/index-BN8v6Ef1.js                   823.17 kB │ gzip: 227.97 kB

✓ built in 301ms
[plugin builtin:vite-reporter] 
(!) Some chunks are larger than 500 kB after minification. Consider:
- Using dynamic import() to code-split the application
- Use build.rolldownOptions.output.codeSplitting to improve chunking: https://rolldown.rs/reference/OutputOptions.codeSplitting
- Adjust chunk size limit for this warning via build.chunkSizeWarningLimit.
